// Jest Snapshot v1, https://goo.gl/fbAQLP

exports[`renders correctly 1`] = `
<View
  style={
    Array [
      Object {
        "backgroundColor": "#fff",
        "flex": 1,
        "height": 1334,
      },
      Object {
        "backgroundColor": "#FFF",
        "marginTop": 1,
      },
    ]
  }
>
  <RCTScrollView
    automaticallyAdjustContentInsets={false}
    contentContainerStyle={
      Array [
        Object {
          "padding": undefined,
        },
        undefined,
      ]
    }
    contentInset={
      Object {
        "bottom": 0,
      }
    }
    enableAutomaticScroll={true}
    enableResetScrollToCoords={true}
    extraHeight={75}
    extraScrollHeight={0}
    getScrollResponder={[Function]}
    handleOnScroll={[Function]}
    keyboardDismissMode="interactive"
    keyboardOpeningTime={250}
    keyboardShouldPersistTaps="handled"
    keyboardSpace={0}
    onScroll={[Function]}
    resetKeyboardSpace={[Function]}
    resetScrollToCoords={
      Object {
        "x": 0,
        "y": 0,
      }
    }
    scrollEnabled={false}
    scrollEventThrottle={1}
    scrollForExtraHeightOnAndroid={[Function]}
    scrollToEnd={[Function]}
    scrollToFocusedInput={[Function]}
    scrollToPosition={[Function]}
    showsVerticalScrollIndicator={true}
    style={
      Object {
        "backgroundColor": "transparent",
        "flex": 1,
      }
    }
    viewIsInsideTabBar={false}
  >
    <View>
      <View
        style={
          Object {
            "alignItems": "center",
            "justifyContent": "center",
            "marginTop": 0,
            "paddingBottom": 5,
            "paddingTop": 50,
          }
        }
      >
        <Image
          resizeMode="contain"
          source={1}
          style={
            Object {
              "height": 555.8333333333334,
              "width": 500,
            }
          }
        />
        <View
          style={
            Object {
              "marginBottom": 20,
              "marginTop": 10,
            }
          }
        >
          <Text
            accessible={true}
            allowFontScaling={true}
            ellipsizeMode="tail"
            style={
              Object {
                "color": "rgba(0, 0, 0, 0.2)",
                "fontSize": 23,
              }
            }
          >
            You have no matches yet
          </Text>
        </View>
      </View>
      <View
        accessible={true}
        isTVSelectable={true}
        onResponderGrant={[Function]}
        onResponderMove={[Function]}
        onResponderRelease={[Function]}
        onResponderTerminate={[Function]}
        onResponderTerminationRequest={[Function]}
        onStartShouldSetResponder={[Function]}
        style={
          Object {
            "alignItems": "center",
            "alignSelf": "stretch",
            "backgroundColor": "#F7524C",
            "borderBottomWidth": null,
            "borderColor": "#007aff",
            "borderLeftWidth": null,
            "borderRadius": 7,
            "borderRightWidth": null,
            "borderTopWidth": null,
            "borderWidth": undefined,
            "elevation": 2,
            "flexDirection": "row",
            "height": 60,
            "justifyContent": "center",
            "marginHorizontal": 40,
            "marginTop": 20,
            "opacity": 1,
            "paddingBottom": 6,
            "paddingTop": 6,
            "shadowColor": undefined,
            "shadowOffset": undefined,
            "shadowOpacity": undefined,
            "shadowRadius": undefined,
          }
        }
      >
        <Text
          accessible={true}
          allowFontScaling={true}
          ellipsizeMode="tail"
          style={
            Object {
              "color": "#fff",
              "fontSize": 16,
            }
          }
        >
          Discover New People
        </Text>
      </View>
    </View>
  </RCTScrollView>
</View>
`;
